
*** Error.
*** Linker: func_val 'main' not defined

